// Jest Snapshot v1, https://goo.gl/fbAQLP

exports[`BoostsSection should match the snapshot 1`] = `<div />`;
