// Jest Snapshot v1, https://goo.gl/fbAQLP

exports[`Logo should match the snapshot 1`] = `
<footer
  className="Logo-footer"
>
  <Link
    replace={false}
    to="/"
  >
    <img
      alt="be the boost logo"
      height="200px"
      src="betheboost.png"
    />
  </Link>
</footer>
`;
