// Jest Snapshot v1, https://goo.gl/fbAQLP

exports[`NotFound should match the snapshot 1`] = `
<p>
  Page not found
</p>
`;
